\begin{tabular}{rrrrr}
\toprule
x1 & x2 & x3 & x4 & x5 \\
\midrule
2.148513 & -1.389470 & -0.516466 & -0.129327 & -1.056814 \\
-1.389470 & 1.035342 & 0.339993 & 0.193888 & 0.626876 \\
-0.516466 & 0.339993 & 0.942388 & 0.947887 & 0.051788 \\
-0.129327 & 0.193888 & 0.947887 & 1.113436 & -0.204731 \\
-1.056814 & 0.626876 & 0.051788 & -0.204731 & 0.592027 \\
\bottomrule
\end{tabular}
