x1,x2,x3,x4,x5
1.0,-0.9316184890881064,-0.3629594804982325,-0.0836159131929643,-0.9370417868427312
-0.9316184890881064,1.0,0.3442015783925788,0.1805826004853573,0.8006982586538082
-0.3629594804982325,0.3442015783925788,1.0,0.925356684116678,0.0693334854570589
-0.0836159131929643,0.1805826004853573,0.925356684116678,1.0,-0.2521625446074588
-0.9370417868427312,0.8006982586538082,0.0693334854570589,-0.2521625446074588,1.0
