x1,x2,x3,x4,x5
1.1739858309229527,-0.6296310635825542,-0.2789319873379518,-0.0814480042654568,-0.7351396887193036
-0.6296310635825542,1.318197297708269,0.0180896311042444,0.4460471411163028,0.1393093884686239
-0.2789319873379518,0.0180896311042444,0.9181018498848336,0.3608356214220092,0.258612875325425
-0.0814480042654568,0.4460471411163028,0.3608356214220092,0.894763979872986,-0.2351902119457074
-0.7351396887193036,0.1393093884686239,0.258612875325425,-0.2351902119457074,0.5226073081969815
