\begin{tabular}{rrrrr}
\toprule
x1 & x2 & x3 & x4 & x5 \\
\midrule
1.173986 & -0.629631 & -0.278932 & -0.081448 & -0.735140 \\
-0.629631 & 1.318197 & 0.018090 & 0.446047 & 0.139309 \\
-0.278932 & 0.018090 & 0.918102 & 0.360836 & 0.258613 \\
-0.081448 & 0.446047 & 0.360836 & 0.894764 & -0.235190 \\
-0.735140 & 0.139309 & 0.258613 & -0.235190 & 0.522607 \\
\bottomrule
\end{tabular}
