x1,x2,x3,x4,x5
1.0,-0.4831993213829144,-0.2417866257473377,-0.0677669323085827,-0.7147612261129567
-0.4831993213829144,1.0,0.0154463142122912,0.4056598228619473,0.1782862547914352
-0.2417866257473377,0.0154463142122912,1.0,0.4882498490612363,0.336247633056821
-0.0677669323085827,0.4056598228619473,0.4882498490612363,1.0,-0.3221362431618677
-0.7147612261129567,0.1782862547914352,0.336247633056821,-0.3221362431618677,0.9999999999999998
