x1,x2,x3,x4,x5
0.855910558286076,0.1275590669627624,0.1869289666105036,0.0814150483810158,0.0524120245812345
0.1275590669627624,1.0873495713741543,0.0327146785469813,0.1125151386021692,-0.4327293640402301
0.1869289666105036,0.0327146785469813,0.744770538831457,0.1310646626495655,0.065805938124728
0.0814150483810158,0.1125151386021693,0.1310646626495655,0.8688095124575893,0.1138362289747204
0.0524120245812345,-0.4327293640402301,0.065805938124728,0.1138362289747204,1.1391798460054745
