\begin{tabular}{rrrrr}
\toprule
x1 & x2 & x3 & x4 & x5 \\
\midrule
0.855911 & 0.127559 & 0.186929 & 0.081415 & 0.052412 \\
0.127559 & 1.087350 & 0.032715 & 0.112515 & -0.432729 \\
0.186929 & 0.032715 & 0.744771 & 0.131065 & 0.065806 \\
0.081415 & 0.112515 & 0.131065 & 0.868810 & 0.113836 \\
0.052412 & -0.432729 & 0.065806 & 0.113836 & 1.139180 \\
\bottomrule
\end{tabular}
