x1,x2,x3,x4,x5
1.0,0.1097112080799127,0.2185106594468414,0.116902191152958,0.0596771137694687
0.1097112080799127,1.0,-0.0467164747469943,0.1917734801001386,-0.4448957826649679
0.2185106594468414,-0.0467164747469943,1.0,0.1841481286993289,0.0899270688108463
0.116902191152958,0.1917734801001386,0.1841481286993289,0.9999999999999998,0.122027699366031
0.0596771137694687,-0.4448957826649679,0.0899270688108463,0.122027699366031,1.0
