\begin{tabular}{rrrrr}
\toprule
x1 & x2 & x3 & x4 & x5 \\
\midrule
1.000000 & 0.109711 & 0.218511 & 0.116902 & 0.059677 \\
0.109711 & 1.000000 & -0.046716 & 0.191773 & -0.444896 \\
0.218511 & -0.046716 & 1.000000 & 0.184148 & 0.089927 \\
0.116902 & 0.191773 & 0.184148 & 1.000000 & 0.122028 \\
0.059677 & -0.444896 & 0.089927 & 0.122028 & 1.000000 \\
\bottomrule
\end{tabular}
