x1,x2,x3,x4,x5
0.855910558286076,0.1058399882534012,0.1744608820800356,0.1008089582819997,0.058927517982178
0.1058399882534012,1.0873495713741546,-0.0420403091875072,0.1863955015324236,-0.4951525605326469
0.1744608820800356,-0.0420403091875072,0.744770538831457,0.1481292547835504,0.0828319391508422
0.1008089582819997,0.1863955015324236,0.1481292547835504,0.8688095124575893,0.1213994875657756
0.058927517982178,-0.4951525605326469,0.0828319391508422,0.1213994875657756,1.1391798460054745
