x1,x2,x3,x4,x5
1.173985830922953,-0.6179886678164926,-0.2845590020642115,-0.0651515222796353,-0.6882868737802055
-0.6179886678164926,1.3181972977082688,0.0170919639206444,0.4456955511553119,0.1391759354064979
-0.2845590020642115,0.0170919639206444,0.9181018498848336,0.354146656086204,0.24605561338807
-0.0651515222796353,0.4456955511553119,0.3541466560862039,0.8947639798729862,-0.2187173378498132
-0.6882868737802055,0.1391759354064979,0.24605561338807,-0.2187173378498132,0.5226073081969815
