\begin{tabular}{rrrrr}
\toprule
x1 & x2 & x3 & x4 & x5 \\
\midrule
1.173986 & -0.617989 & -0.284559 & -0.065152 & -0.688287 \\
-0.617989 & 1.318197 & 0.017092 & 0.445696 & 0.139176 \\
-0.284559 & 0.017092 & 0.918102 & 0.354147 & 0.246056 \\
-0.065152 & 0.445696 & 0.354147 & 0.894764 & -0.218717 \\
-0.688287 & 0.139176 & 0.246056 & -0.218717 & 0.522607 \\
\bottomrule
\end{tabular}
