x1,x2,x3,x4,x5
0.9999999999999994,-0.4831993213829141,-0.2417866257473382,-0.0677669323085826,-0.7147612261129567
-0.4831993213829141,0.9999999999999996,0.0154463142122909,0.4056598228619469,0.1782862547914351
-0.2417866257473382,0.0154463142122909,1.0,0.4882498490612357,0.3362476330568212
-0.0677669323085826,0.4056598228619469,0.4882498490612357,1.0,-0.3221362431618677
-0.7147612261129567,0.1782862547914351,0.3362476330568212,-0.3221362431618677,0.9999999999999998
