\begin{tabular}{rrrrr}
\toprule
x1 & x2 & x3 & x4 & x5 \\
\midrule
1.173986 & -0.623870 & -0.294335 & -0.057677 & -0.693888 \\
-0.623870 & 1.318197 & 0.016449 & 0.448579 & 0.143703 \\
-0.294335 & 0.016449 & 0.918102 & 0.354067 & 0.246866 \\
-0.057677 & 0.448579 & 0.354067 & 0.894764 & -0.217062 \\
-0.693888 & 0.143703 & 0.246866 & -0.217062 & 0.522607 \\
\bottomrule
\end{tabular}
