x1,x2,x3,x4,x5
1.1739858309229525,-0.6238699843231632,-0.2943347985442299,-0.0576770842814735,-0.6938878030601106
-0.6238699843231632,1.3181972977082688,0.0164491740701603,0.4485788330504671,0.143702868664711
-0.2943347985442299,0.0164491740701602,0.9181018498848338,0.3540668943938554,0.2468664745293348
-0.0576770842814735,0.4485788330504671,0.3540668943938554,0.8947639798729862,-0.2170621735191994
-0.6938878030601106,0.1437028686647111,0.2468664745293349,-0.2170621735191994,0.5226073081969815
