\begin{tabular}{rrrrr}
\toprule
x1 & x2 & x3 & x4 & x5 \\
\midrule
1.000000 & -0.483199 & -0.241787 & -0.067767 & -0.714761 \\
-0.483199 & 1.000000 & 0.015446 & 0.405660 & 0.178286 \\
-0.241787 & 0.015446 & 1.000000 & 0.488250 & 0.336248 \\
-0.067767 & 0.405660 & 0.488250 & 1.000000 & -0.322136 \\
-0.714761 & 0.178286 & 0.336248 & -0.322136 & 1.000000 \\
\bottomrule
\end{tabular}
