x1,x2,x3,x4,x5
1.0,-0.483199321382914,-0.2417866257473381,-0.067766932308582,-0.714761226112957
-0.483199321382914,1.0,0.01544631421229,0.4056598228619459,0.1782862547914349
-0.241786625747338,0.0154463142122899,1.0,0.4882498490612357,0.3362476330568208
-0.0677669323085819,0.405659822861946,0.4882498490612357,1.0,-0.322136243161868
-0.7147612261129569,0.1782862547914349,0.3362476330568207,-0.3221362431618681,1.0
