\begin{tabular}{rrrrr}
\toprule
x1 & x2 & x3 & x4 & x5 \\
\midrule
1.083506 & 0.000000 & 0.000000 & 0.000000 & 0.000000 \\
-0.570360 & 0.996437 & 0.000000 & 0.000000 & 0.000000 \\
-0.262628 & -0.133175 & 0.911807 & 0.000000 & 0.000000 \\
-0.060130 & 0.412871 & 0.431384 & 0.731160 & 0.000000 \\
-0.635240 & -0.223938 & 0.054179 & -0.256892 & 0.000000 \\
\bottomrule
\end{tabular}
