x1,x2,x3,x4,x5
1.0835062671359834,0.0,0.0,0.0,0.0
-0.5703600307269225,0.9964370191123234,0.0,0.0,0.0
-0.2626279244478966,-0.1331750071423701,0.9118074581059606,0.0,0.0
-0.0601302680526707,0.412870700034477,0.4313836474139615,0.7311595342562168,0.0
-0.6352403254662701,-0.2239376416827712,0.0541790569001551,-0.2568921943723811,1.0536712127723509e-08
