x1,x2,x3,x4,x5
0.0853473694167485,0.0877202266055402,0.042334236218973,0.0090200162898335,0.003888452677311
0.0877202266055402,0.1605287792109859,0.0580671723754769,0.0123510327817849,0.0053242722680267
0.042334236218973,0.0580671723754769,0.0374675582320514,0.0059744170073911,0.0025743694215399
0.0090200162898335,0.0123510327817849,0.0059744170073911,0.001691907321876,0.0005485043517415
0.003888452677311,0.0053242722680267,0.0025743694215399,0.0005485043517415,0.0003147507826691
