\begin{tabular}{rrrrr}
\toprule
x1 & x2 & x3 & x4 & x5 \\
\midrule
0.085347 & 0.087720 & 0.042334 & 0.009020 & 0.003888 \\
0.087720 & 0.160529 & 0.058067 & 0.012351 & 0.005324 \\
0.042334 & 0.058067 & 0.037468 & 0.005974 & 0.002574 \\
0.009020 & 0.012351 & 0.005974 & 0.001692 & 0.000549 \\
0.003888 & 0.005324 & 0.002574 & 0.000549 & 0.000315 \\
\bottomrule
\end{tabular}
