\begin{tabular}{rrrrr}
\toprule
x1 & x2 & x3 & x4 & x5 \\
\midrule
0.085347 & 0.117287 & 0.042374 & 0.009028 & 0.003892 \\
0.117287 & 0.161180 & 0.058232 & 0.012406 & 0.005349 \\
0.042374 & 0.058232 & 0.037524 & 0.005989 & 0.002581 \\
0.009028 & 0.012406 & 0.005989 & 0.001695 & 0.000550 \\
0.003892 & 0.005349 & 0.002581 & 0.000550 & 0.000316 \\
\bottomrule
\end{tabular}
