x1,x2,x3,x4,x5
0.0853473694167485,0.1172872412991082,0.0423740178701769,0.0090277075529275,0.0038920454123609
0.1172872412991082,0.1611800933709354,0.0582318083464779,0.0124061810149969,0.0053485804254569
0.0423740178701769,0.0582318083464779,0.0375241863312929,0.0059892400241743,0.0025811201390964
0.0090277075529275,0.0124061810149969,0.0059892400241743,0.0016953613609032,0.0005501161659438
0.0038920454123609,0.0053485804254569,0.0025811201390964,0.0005501161659438,0.0003155131479447
