\begin{tabular}{rrrrr}
\toprule
x1 & x2 & x3 & x4 & x5 \\
\midrule
0.085347 & 0.008391 & 0.037693 & 0.008108 & 0.003462 \\
0.008391 & 0.160773 & 0.051755 & 0.011086 & 0.004753 \\
0.037693 & 0.051755 & 0.037418 & 0.006061 & 0.002535 \\
0.008108 & 0.011086 & 0.006061 & 0.001690 & 0.000558 \\
0.003462 & 0.004753 & 0.002535 & 0.000558 & 0.000315 \\
\bottomrule
\end{tabular}
