x1,x2,x3,x4,x5
0.0853473694167485,0.0083905073471632,0.0376927322316905,0.008108166485074,0.0034623131649346
0.0083905073471632,0.1607726657282683,0.051755071813607,0.0110859758634994,0.0047525387588056
0.0376927322316905,0.051755071813607,0.037418237801845,0.0060614910565536,0.0025345749189917
0.008108166485074,0.0110859758634994,0.0060614910565536,0.0016901426226046,0.0005583027240341
0.0034623131649346,0.0047525387588056,0.0025345749189917,0.0005583027240341,0.0003147989446867
