x1,x2,x3,x4,x5
0.0853473694167485,0.0128098997664803,0.0388894614855106,0.0082878203595325,0.0035683609348743
0.0128098997664803,0.1607371465222051,0.0533804612911915,0.011332532715307,0.0048975930472455
0.0388894614855106,0.0533804612911915,0.0374175632769246,0.0062185557582879,0.0026805560773032
0.0082878203595325,0.011332532715307,0.0062185557582879,0.0016903549400205,0.0005710025842637
0.0035683609348743,0.0048975930472455,0.0026805560773032,0.0005710025842637,0.0003147150156547
