\begin{tabular}{rrrrr}
\toprule
x1 & x2 & x3 & x4 & x5 \\
\midrule
0.085347 & 0.012810 & 0.038889 & 0.008288 & 0.003568 \\
0.012810 & 0.160737 & 0.053380 & 0.011333 & 0.004898 \\
0.038889 & 0.053380 & 0.037418 & 0.006219 & 0.002681 \\
0.008288 & 0.011333 & 0.006219 & 0.001690 & 0.000571 \\
0.003568 & 0.004898 & 0.002681 & 0.000571 & 0.000315 \\
\bottomrule
\end{tabular}
