x1,x2,x3,x4,x5
0.0852269172197222,0.1171217118165457,0.0422117789443886,0.0090022804791906,0.0038812072336648
0.1171217118165457,0.1609526171581817,0.0580088541281222,0.012371238270384,0.0053336862337711
0.0422117789443886,0.0580088541281222,0.0371903616758845,0.0059931911644518,0.0025720537436611
0.0090022804791906,0.012371238270384,0.0059931911644518,0.0010954883736564,0.0004711899783115
0.0038812072336648,0.0053336862337711,0.0025720537436611,0.0004711899783115,0.0002026750524741
