\begin{tabular}{rrrrr}
\toprule
x1 & x2 & x3 & x4 & x5 \\
\midrule
0.085227 & 0.117122 & 0.042212 & 0.009002 & 0.003881 \\
0.117122 & 0.160953 & 0.058009 & 0.012371 & 0.005334 \\
0.042212 & 0.058009 & 0.037190 & 0.005993 & 0.002572 \\
0.009002 & 0.012371 & 0.005993 & 0.001095 & 0.000471 \\
0.003881 & 0.005334 & 0.002572 & 0.000471 & 0.000203 \\
\bottomrule
\end{tabular}
