mu,sigma,nu
0.0459403982963629,0.045442845180787,6.336874964943411
