mu,sigma,nu,Alpha,B1,B2,B3
0.0,0.0485480806645748,4.598293055442437,0.0426342060951428,0.9748885976780896,2.041192106989356,3.154801375317736
