VaR Absolute,VaR Diff from Mean
0.0309204168074156,0.0769461532602839
