VaR Absolute,VaR Diff from Mean
0.0415296139360064,0.0874700122323694
