VaR Absolute,VaR Diff from Mean
0.0402121698635484,0.086586054118973
