ES Absolute,ES Diff from Mean
0.0504678440142631,0.0964935804662109
