ES Absolute,ES Diff from Mean
0.0752319524847563,0.1211723507802005
