ES Absolute,ES Diff from Mean
0.0769059554833297,0.1224261228033413
